Reading netlist file: "/home/quang1806/Desktop/Gowin/CH9_UART_LOOP/impl/gwsynthesis/uart_loopback.vg"
Parsing netlist file "/home/quang1806/Desktop/Gowin/CH9_UART_LOOP/impl/gwsynthesis/uart_loopback.vg" completed
Processing netlist completed
Reading constraint file: "/home/quang1806/Desktop/Gowin/CH9_UART_LOOP/src/uart_loopback.cst"
Physical Constraint parsed completed
Running placement......
[10%] Placement Phase 0 completed
[20%] Placement Phase 1 completed
[30%] Placement Phase 2 completed
[50%] Placement Phase 3 completed
Running routing......
[60%] Routing Phase 0 completed
[70%] Routing Phase 1 completed
[80%] Routing Phase 2 completed
[90%] Routing Phase 3 completed
Running timing analysis......
[95%] Timing analysis completed
Placement and routing completed
Bitstream generation in progress......
Bitstream generation completed
Generate file "/home/quang1806/Desktop/Gowin/CH9_UART_LOOP/impl/pnr/uart_loopback.pin.html" completed
Generate file "/home/quang1806/Desktop/Gowin/CH9_UART_LOOP/impl/pnr/uart_loopback.rpt.html" completed
Generate file "/home/quang1806/Desktop/Gowin/CH9_UART_LOOP/impl/pnr/uart_loopback.rpt.txt" completed
Generate file "/home/quang1806/Desktop/Gowin/CH9_UART_LOOP/impl/pnr/uart_loopback.tr.html" completed
Wed Feb 12 22:28:52 2025

