Reading netlist file: "/home/quang1806/Desktop/TANG9K/rs485/impl/gwsynthesis/rs485.vg"
Parsing netlist file "/home/quang1806/Desktop/TANG9K/rs485/impl/gwsynthesis/rs485.vg" completed
Processing netlist completed
Reading constraint file: "/home/quang1806/Desktop/TANG9K/rs485/src/rs485.cst"
Physical Constraint parsed completed
Running placement......
[10%] Placement Phase 0 completed
[20%] Placement Phase 1 completed
[30%] Placement Phase 2 completed
WARN  (TA1132) :  'Clk' was determined to be a clock but was not created.
[50%] Placement Phase 3 completed
Running routing......
[60%] Routing Phase 0 completed
[70%] Routing Phase 1 completed
[80%] Routing Phase 2 completed
[90%] Routing Phase 3 completed
Running timing analysis......
[95%] Timing analysis completed
Placement and routing completed
Bitstream generation in progress......
Bitstream generation completed
Running power analysis......
[100%] Power analysis completed
Generate file "/home/quang1806/Desktop/TANG9K/rs485/impl/pnr/rs485.power.html" completed
Generate file "/home/quang1806/Desktop/TANG9K/rs485/impl/pnr/rs485.pin.html" completed
Generate file "/home/quang1806/Desktop/TANG9K/rs485/impl/pnr/rs485.rpt.html" completed
Generate file "/home/quang1806/Desktop/TANG9K/rs485/impl/pnr/rs485.rpt.txt" completed
Generate file "/home/quang1806/Desktop/TANG9K/rs485/impl/pnr/rs485.tr.html" completed
Thu Apr  3 15:48:53 2025

