GowinSynthesis start
Running parser ...
Analyzing Verilog file '/home/quang1806/Desktop/AHT10/aht10/src/i2c_bit_shift.v'
Analyzing Verilog file '/home/quang1806/Desktop/AHT10/aht10/src/i2c_control_4.v'
Analyzing Verilog file '/home/quang1806/Desktop/AHT10/aht10/src/i2c_top4.v'
Analyzing Verilog file '/home/quang1806/Desktop/AHT10/aht10/src/uart_byte_tx.v'
Analyzing Verilog file '/home/quang1806/Desktop/AHT10/aht10/src/uart_data_tx.v'
Compiling module 'topmodule'("/home/quang1806/Desktop/AHT10/aht10/src/i2c_top4.v":1)
Compiling module 'i2c_control'("/home/quang1806/Desktop/AHT10/aht10/src/i2c_control_4.v":1)
Compiling module 'i2c_bit_shift'("/home/quang1806/Desktop/AHT10/aht10/src/i2c_bit_shift.v":1)
Compiling module 'uart_data_tx(DATA_WIDTH=40)'("/home/quang1806/Desktop/AHT10/aht10/src/uart_data_tx.v":42)
Compiling module 'uart_byte_tx'("/home/quang1806/Desktop/AHT10/aht10/src/uart_byte_tx.v":20)
NOTE  (EX0101) : Current top module is "topmodule"
[5%] Running netlist conversion ...
Running device independent optimization ...
[10%] Optimizing Phase 0 completed
[15%] Optimizing Phase 1 completed
[25%] Optimizing Phase 2 completed
Running inference ...
[30%] Inferring Phase 0 completed
[40%] Inferring Phase 1 completed
[50%] Inferring Phase 2 completed
[55%] Inferring Phase 3 completed
Running technical mapping ...
[60%] Tech-Mapping Phase 0 completed
[65%] Tech-Mapping Phase 1 completed
[75%] Tech-Mapping Phase 2 completed
[80%] Tech-Mapping Phase 3 completed
[90%] Tech-Mapping Phase 4 completed
[95%] Generate netlist file "/home/quang1806/Desktop/AHT10/aht10/impl/gwsynthesis/aht10.vg" completed
[100%] Generate report file "/home/quang1806/Desktop/AHT10/aht10/impl/gwsynthesis/aht10_syn.rpt.html" completed
GowinSynthesis finish
