GowinSynthesis start
Running parser ...
Analyzing Verilog file '/home/quang1806/Desktop/Gowin/CH9_UART_LOOP/src/uart_byte_rx.v'
Analyzing Verilog file '/home/quang1806/Desktop/Gowin/CH9_UART_LOOP/src/uart_byte_tx.v'
Analyzing Verilog file '/home/quang1806/Desktop/Gowin/CH9_UART_LOOP/src/uart_data_rx.v'
Analyzing Verilog file '/home/quang1806/Desktop/Gowin/CH9_UART_LOOP/src/uart_data_tx.v'
Analyzing Verilog file '/home/quang1806/Desktop/Gowin/CH9_UART_LOOP/src/uart_loopback.v'
Compiling module 'uart_loopback'("/home/quang1806/Desktop/Gowin/CH9_UART_LOOP/src/uart_loopback.v":1)
Compiling module 'uart_data_rx(DATA_WIDTH=64)'("/home/quang1806/Desktop/Gowin/CH9_UART_LOOP/src/uart_data_rx.v":1)
Compiling module 'uart_byte_rx'("/home/quang1806/Desktop/Gowin/CH9_UART_LOOP/src/uart_byte_rx.v":8)
Compiling module 'uart_data_tx(DATA_WIDTH=64)'("/home/quang1806/Desktop/Gowin/CH9_UART_LOOP/src/uart_data_tx.v":1)
Compiling module 'uart_byte_tx'("/home/quang1806/Desktop/Gowin/CH9_UART_LOOP/src/uart_byte_tx.v":1)
NOTE  (EX0101) : Current top module is "uart_loopback"
[5%] Running netlist conversion ...
Running device independent optimization ...
[10%] Optimizing Phase 0 completed
[15%] Optimizing Phase 1 completed
[25%] Optimizing Phase 2 completed
Running inference ...
[30%] Inferring Phase 0 completed
[40%] Inferring Phase 1 completed
[50%] Inferring Phase 2 completed
[55%] Inferring Phase 3 completed
Running technical mapping ...
[60%] Tech-Mapping Phase 0 completed
[65%] Tech-Mapping Phase 1 completed
[75%] Tech-Mapping Phase 2 completed
[80%] Tech-Mapping Phase 3 completed
[90%] Tech-Mapping Phase 4 completed
[95%] Generate netlist file "/home/quang1806/Desktop/Gowin/CH9_UART_LOOP/impl/gwsynthesis/uart_loopback.vg" completed
[100%] Generate report file "/home/quang1806/Desktop/Gowin/CH9_UART_LOOP/impl/gwsynthesis/uart_loopback_syn.rpt.html" completed
GowinSynthesis finish
